Archive member included to satisfy reference by file (symbol)

/usr/lib/gcc/arm-none-eabi/6.3.1/thumb/v6-m/libgcc.a(_udivsi3.o)
                              lcd.o (__aeabi_uidiv)
/usr/lib/gcc/arm-none-eabi/6.3.1/thumb/v6-m/libgcc.a(_divsi3.o)
                              lcd.o (__aeabi_idiv)
/usr/lib/gcc/arm-none-eabi/6.3.1/thumb/v6-m/libgcc.a(_dvmd_tls.o)
                              /usr/lib/gcc/arm-none-eabi/6.3.1/thumb/v6-m/libgcc.a(_udivsi3.o) (__aeabi_idiv0)
/usr/lib/gcc/arm-none-eabi/6.3.1/../../../arm-none-eabi/lib/thumb/v6-m/libg_nano.a(lib_a-atexit.o)
                              /usr/lib/gcc/arm-none-eabi/6.3.1/../../../arm-none-eabi/lib/thumb/v6-m/crt0.o (atexit)
/usr/lib/gcc/arm-none-eabi/6.3.1/../../../arm-none-eabi/lib/thumb/v6-m/libg_nano.a(lib_a-atoi.o)
                              main.o (atoi)
/usr/lib/gcc/arm-none-eabi/6.3.1/../../../arm-none-eabi/lib/thumb/v6-m/libg_nano.a(lib_a-ctype_.o)
                              main.o (__ctype_ptr__)
/usr/lib/gcc/arm-none-eabi/6.3.1/../../../arm-none-eabi/lib/thumb/v6-m/libg_nano.a(lib_a-exit.o)
                              /usr/lib/gcc/arm-none-eabi/6.3.1/../../../arm-none-eabi/lib/thumb/v6-m/crt0.o (exit)
/usr/lib/gcc/arm-none-eabi/6.3.1/../../../arm-none-eabi/lib/thumb/v6-m/libg_nano.a(lib_a-fini.o)
                              /usr/lib/gcc/arm-none-eabi/6.3.1/../../../arm-none-eabi/lib/thumb/v6-m/crt0.o (__libc_fini_array)
/usr/lib/gcc/arm-none-eabi/6.3.1/../../../arm-none-eabi/lib/thumb/v6-m/libg_nano.a(lib_a-impure.o)
                              /usr/lib/gcc/arm-none-eabi/6.3.1/../../../arm-none-eabi/lib/thumb/v6-m/libg_nano.a(lib_a-exit.o) (_global_impure_ptr)
/usr/lib/gcc/arm-none-eabi/6.3.1/../../../arm-none-eabi/lib/thumb/v6-m/libg_nano.a(lib_a-init.o)
                              /usr/lib/gcc/arm-none-eabi/6.3.1/../../../arm-none-eabi/lib/thumb/v6-m/crt0.o (__libc_init_array)
/usr/lib/gcc/arm-none-eabi/6.3.1/../../../arm-none-eabi/lib/thumb/v6-m/libg_nano.a(lib_a-malloc.o)
                              drivers/fsl_common.o (malloc)
/usr/lib/gcc/arm-none-eabi/6.3.1/../../../arm-none-eabi/lib/thumb/v6-m/libg_nano.a(lib_a-memcpy-stub.o)
                              drivers/fsl_ftfx_cache.o (memcpy)
/usr/lib/gcc/arm-none-eabi/6.3.1/../../../arm-none-eabi/lib/thumb/v6-m/libg_nano.a(lib_a-memset.o)
                              /usr/lib/gcc/arm-none-eabi/6.3.1/../../../arm-none-eabi/lib/thumb/v6-m/crt0.o (memset)
/usr/lib/gcc/arm-none-eabi/6.3.1/../../../arm-none-eabi/lib/thumb/v6-m/libg_nano.a(lib_a-nano-freer.o)
                              /usr/lib/gcc/arm-none-eabi/6.3.1/../../../arm-none-eabi/lib/thumb/v6-m/libg_nano.a(lib_a-malloc.o) (_free_r)
/usr/lib/gcc/arm-none-eabi/6.3.1/../../../arm-none-eabi/lib/thumb/v6-m/libg_nano.a(lib_a-nano-mallocr.o)
                              /usr/lib/gcc/arm-none-eabi/6.3.1/../../../arm-none-eabi/lib/thumb/v6-m/libg_nano.a(lib_a-malloc.o) (_malloc_r)
/usr/lib/gcc/arm-none-eabi/6.3.1/../../../arm-none-eabi/lib/thumb/v6-m/libg_nano.a(lib_a-sbrkr.o)
                              /usr/lib/gcc/arm-none-eabi/6.3.1/../../../arm-none-eabi/lib/thumb/v6-m/libg_nano.a(lib_a-nano-mallocr.o) (_sbrk_r)
/usr/lib/gcc/arm-none-eabi/6.3.1/../../../arm-none-eabi/lib/thumb/v6-m/libg_nano.a(lib_a-strcmp.o)
                              main.o (strcmp)
/usr/lib/gcc/arm-none-eabi/6.3.1/../../../arm-none-eabi/lib/thumb/v6-m/libg_nano.a(lib_a-strlen-stub.o)
                              main.o (strlen)
/usr/lib/gcc/arm-none-eabi/6.3.1/../../../arm-none-eabi/lib/thumb/v6-m/libg_nano.a(lib_a-strtol.o)
                              /usr/lib/gcc/arm-none-eabi/6.3.1/../../../arm-none-eabi/lib/thumb/v6-m/libg_nano.a(lib_a-atoi.o) (_strtol_r)
/usr/lib/gcc/arm-none-eabi/6.3.1/../../../arm-none-eabi/lib/thumb/v6-m/libg_nano.a(lib_a-__atexit.o)
                              /usr/lib/gcc/arm-none-eabi/6.3.1/../../../arm-none-eabi/lib/thumb/v6-m/libg_nano.a(lib_a-atexit.o) (__register_exitproc)
/usr/lib/gcc/arm-none-eabi/6.3.1/../../../arm-none-eabi/lib/thumb/v6-m/libg_nano.a(lib_a-__call_atexit.o)
                              /usr/lib/gcc/arm-none-eabi/6.3.1/../../../arm-none-eabi/lib/thumb/v6-m/libg_nano.a(lib_a-__atexit.o) (__call_exitprocs)
/usr/lib/gcc/arm-none-eabi/6.3.1/../../../arm-none-eabi/lib/thumb/v6-m/libg_nano.a(lib_a-reent.o)
                              /usr/lib/gcc/arm-none-eabi/6.3.1/../../../arm-none-eabi/lib/thumb/v6-m/libg_nano.a(lib_a-sbrkr.o) (errno)

Allocating common symbols
Common symbol       size              file

errno               0x4               /usr/lib/gcc/arm-none-eabi/6.3.1/../../../arm-none-eabi/lib/thumb/v6-m/libg_nano.a(lib_a-reent.o)
g_xtal32Freq        0x4               drivers/fsl_clock.o
g_xtal0Freq         0x4               drivers/fsl_clock.o

Discarded input sections

 .text          0x0000000000000000        0x0 /usr/lib/gcc/arm-none-eabi/6.3.1/thumb/v6-m/crti.o
 .data          0x0000000000000000        0x0 /usr/lib/gcc/arm-none-eabi/6.3.1/thumb/v6-m/crti.o
[...]
Memory Configuration

Name             Origin             Length             Attributes
INTERRUPTS       0x0000000000000000 0x0000000000000100 xr
FLASH_CONFIG     0x0000000000000400 0x0000000000000010 xr
TEXT             0x0000000000000410 0x000000000003fbf0 xr
RAM              0x000000001fffe000 0x0000000000008000 xrw
*default*        0x0000000000000000 0xffffffffffffffff

Linker script and memory map

LOAD /usr/lib/gcc/arm-none-eabi/6.3.1/thumb/v6-m/crti.o
LOAD /usr/lib/gcc/arm-none-eabi/6.3.1/thumb/v6-m/crtbegin.o
LOAD /usr/lib/gcc/arm-none-eabi/6.3.1/../../../arm-none-eabi/lib/thumb/v6-m/crt0.o
                0x0000000000000400                STACK_SIZE = DEFINED (__stack_size__)?__stack_size__:0x400

.interrupts     0x0000000000000000       0xc0
 *(.isr_vector .isr_vector.*)
 .isr_vector    0x0000000000000000       0xc0 startup.o
                0x0000000000000000                g_pfnVectors

.flash_config   0x0000000000000400       0x10
                0x0000000000000400                . = ALIGN (0x4)
                0x0000000000000400        0x4 LONG 0xffffffff
                0x0000000000000404        0x4 LONG 0xffffffff
                0x0000000000000408        0x4 LONG 0xffffffff
                0x000000000000040c        0x4 LONG 0xfffffffe

.text           0x0000000000000410     0x5110
 *(.text .text.* .gnu.linkonce.t.*)
 .text          0x0000000000000410      0x464 lcd.o
                0x0000000000000410                lcd_ini
                0x00000000000004e4                lcd_display_error
                0x0000000000000528                lcd_set
                0x0000000000000758                lcd_display_hex
                0x0000000000000786                lcd_display_dec
                0x0000000000000800                lcd_display_time
 .text          0x0000000000000874      0x480 main.o
                0x0000000000000874                delay
                0x0000000000000894                irclk_ini
                0x00000000000008a4                bt1_init
                0x0000000000000908                bt2_init
                0x000000000000096c                led_green_init
                0x00000000000009ac                led_green_on
                0x00000000000009bc                led_green_off
                0x00000000000009cc                led_red_init
                0x0000000000000a0c                led_red_on
                0x0000000000000a20                led_red_off
                0x0000000000000a34                check_led_green
                0x0000000000000a48                check_led_red
                0x0000000000000a5c                PORTDIntHandler
                0x0000000000000ab8                main
 .text          0x0000000000000cf4       0x48 startup.o
                0x0000000000000cf4                SVC_Int_Handler
                0x0000000000000cf4                UsageFault_Int_Handler
                0x0000000000000cf4                MemManage_Int_Handler
                0x0000000000000cf4                PendSV_Int_Handler
                0x0000000000000cf4                BusFault_Int_Handler
                0x0000000000000cf4                NMI_Int_Handler
                0x0000000000000cf4                SysTick_Int_Handler
                0x0000000000000cf4                DebugMon_Int_Handler
                0x0000000000000cf4                HardFault_Int_Handler
                0x0000000000000cf6                PIT_Int_Handler
                0x0000000000000cf6                ACMP_Int_Handler
                0x0000000000000cf6                DMA1_Int_Handler
                0x0000000000000cf6                PORTA_Int_Handler
                0x0000000000000cf6                LPTMR_Int_Handler
                0x0000000000000cf6                Default_ResetHandler
                0x0000000000000cf6                RTCA_Int_Handler
                0x0000000000000cf6                USBOTG_Int_Handler
                0x0000000000000cf6                ResetHandler
                0x0000000000000cf6                MCG_Int_Handler
                0x0000000000000cf6                UART0SE_Int_Handler
                0x0000000000000cf6                LLWU_Int_Handler
                0x0000000000000cf6                LVD_Int_Handler
                0x0000000000000cf6                FTM1_Int_Handler
                0x0000000000000cf6                TSI_Int_Handler
                0x0000000000000cf6                PORTD_Int_Handler
                0x0000000000000cf6                FTFA_Int_Handler
                0x0000000000000cf6                UART2SE_Int_Handler
                0x0000000000000cf6                DAC_Int_Handler
                0x0000000000000cf6                FTM0_Int_Handler
                0x0000000000000cf6                SPI1_Int_Handler
                0x0000000000000cf6                FTM2_Int_Handler
                0x0000000000000cf6                UART1SE_Int_Handler
                0x0000000000000cf6                I2C1_Int_Handler
                0x0000000000000cf6                DMA3_Int_Handler
                0x0000000000000cf6                ADC_Int_Handler
                0x0000000000000cf6                SPI0_Int_Handler
                0x0000000000000cf6                I2C0_Int_Handler
                0x0000000000000cf6                DMA0_Int_Handler
                0x0000000000000cf6                RTCS_Int_Handler
                0x0000000000000cf6                DMA2_Int_Handler
 .text          0x0000000000000d3c      0x190 CMSIS/system_MKL46Z4.o
                0x0000000000000d3c                SystemCoreClockUpdate
                0x0000000000000eb4                SystemInitHook
                0x0000000000000eb6                SystemInit
 .text          0x0000000000000ecc      0xe4c drivers/fsl_clock.o
                0x0000000000000fc4                CLOCK_GetOsc0ErClkFreq
                0x0000000000001000                CLOCK_GetEr32kClkFreq
                0x0000000000001060                CLOCK_SetSimConfig
                0x00000000000010ac                CLOCK_EnableUsbfs0Clock
                0x000000000000110c                CLOCK_GetFllFreq
                0x0000000000001158                CLOCK_GetInternalRefClkFreq
                0x0000000000001170                CLOCK_GetPll0Freq
                0x00000000000011c0                CLOCK_GetPllFllSelClkFreq
                0x00000000000011f0                CLOCK_GetOutClkFreq
                0x000000000000122c                CLOCK_GetPlatClkFreq
                0x000000000000124c                CLOCK_GetFlashClkFreq
                0x0000000000001278                CLOCK_GetBusClkFreq
                0x00000000000012a4                CLOCK_GetCoreSysClkFreq
                0x00000000000012c4                CLOCK_GetFixedFreqClkFreq
                0x00000000000012e0                CLOCK_GetFreq
                0x0000000000001364                CLOCK_SetExternalRefClkConfig
                0x0000000000001368                CLOCK_SetInternalRefClkConfig
                0x00000000000013f0                CLOCK_CalcPllDiv
                0x00000000000014e4                CLOCK_EnablePll0
                0x0000000000001538                CLOCK_SetOsc0MonitorMode
                0x0000000000001580                CLOCK_SetPll0MonitorMode
                0x00000000000015c4                CLOCK_GetStatusFlags
                0x00000000000015f8                CLOCK_ClearStatusFlags
                0x0000000000001618                CLOCK_InitOsc0
                0x0000000000001678                CLOCK_DeinitOsc0
                0x0000000000001694                CLOCK_TrimInternalRefClk
                0x0000000000001770                CLOCK_GetMode
                0x00000000000017dc                CLOCK_SetFeiMode
                0x0000000000001848                CLOCK_SetFeeMode
                0x00000000000018dc                CLOCK_SetFbiMode
                0x0000000000001958                CLOCK_SetFbeMode
                0x00000000000019e8                CLOCK_SetBlpiMode
                0x00000000000019fc                CLOCK_SetBlpeMode
                0x0000000000001a10                CLOCK_SetPbeMode
                0x0000000000001a8c                CLOCK_SetPeeMode
                0x0000000000001aac                CLOCK_ExternalModeToFbeModeQuick
                0x0000000000001af0                CLOCK_InternalModeToFbiModeQuick
                0x0000000000001b20                CLOCK_BootToFeiMode
                0x0000000000001b28                CLOCK_BootToFeeMode
                0x0000000000001b38                CLOCK_BootToBlpiMode
                0x0000000000001b78                CLOCK_BootToBlpeMode
                0x0000000000001bb8                CLOCK_BootToPeeMode
                0x0000000000001c04                CLOCK_SetMcgConfig
 .text          0x0000000000001d18      0xbd0 drivers/fsl_uart.o
                0x0000000000001d80                UART_GetInstance
                0x0000000000001dbc                UART_TransferGetRxRingBufferLength
                0x0000000000001e34                UART_Init
                0x0000000000001f68                UART_Deinit
                0x0000000000001fa0                UART_GetDefaultConfig
                0x0000000000001fd8                UART_SetBaudRate
                0x0000000000002070                UART_EnableInterrupts
                0x0000000000002094                UART_DisableInterrupts
                0x00000000000020b4                UART_TransferHandleIRQ
                0x000000000000232c                UART_GetEnabledInterrupts
                0x0000000000002344                UART_GetStatusFlags
                0x000000000000234e                UART_ClearStatusFlags
                0x0000000000002388                UART_WriteBlocking
                0x00000000000023a4                UART_ReadBlocking
                0x0000000000002418                UART_TransferCreateHandle
                0x000000000000249c                UART_TransferStartRingBuffer
                0x0000000000002504                UART_TransferStopRingBuffer
                0x0000000000002558                UART_TransferSendNonBlocking
                0x00000000000025f8                UART_TransferAbortSend
                0x000000000000262c                UART_TransferGetSendCount
                0x0000000000002680                UART_TransferReceiveNonBlocking
                0x00000000000027fc                UART_TransferAbortReceive
                0x0000000000002850                UART_TransferGetReceiveCount
                0x00000000000028a8                UART_TransferHandleErrorIRQ
                0x00000000000028aa                UART1_DriverIRQHandler
                0x00000000000028c0                UART1_RX_TX_DriverIRQHandler
                0x00000000000028c8                UART2_DriverIRQHandler
                0x00000000000028e0                UART2_RX_TX_DriverIRQHandler
 .text          0x00000000000028e8       0xe8 drivers/fsl_ftfx_cache.o
                0x00000000000028f8                FTFx_CACHE_Init
                0x000000000000291c                FTFx_CACHE_PflashSetPrefetchSpeculation
                0x0000000000002974                FTFx_CACHE_PflashGetPrefetchSpeculation
                0x00000000000029a8                mcm_flash_cache_clear
                0x00000000000029c0                FTFx_CACHE_ClearCachePrefetchSpeculation
 .text          0x00000000000029d0      0x1f4 drivers/fsl_smc.o
                0x00000000000029d0                SMC_PreEnterStopModes
                0x00000000000029fc                SMC_PostExitStopModes
                0x0000000000002a20                SMC_PreEnterWaitModes
                0x0000000000002a34                SMC_PostExitWaitModes
                0x0000000000002a48                SMC_SetPowerModeRun
                0x0000000000002a54                SMC_SetPowerModeWait
                0x0000000000002a70                SMC_SetPowerModeStop
                0x0000000000002ab4                SMC_SetPowerModeVlpr
                0x0000000000002ac6                SMC_SetPowerModeVlpw
                0x0000000000002ae4                SMC_SetPowerModeVlps
                0x0000000000002b20                SMC_SetPowerModeLls
                0x0000000000002b5c                SMC_SetPowerModeVlls
 .text          0x0000000000002bc4      0xc6c drivers/fsl_lpsci.o
                0x0000000000002c24                LPSCI_GetInstance
                0x0000000000002c5c                LPSCI_TransferGetRxRingBufferLength
                0x0000000000002cd4                LPSCI_Init
                0x0000000000002e58                LPSCI_Deinit
                0x0000000000002e78                LPSCI_GetDefaultConfig
                0x0000000000002eb0                LPSCI_SetBaudRate
                0x0000000000002fa8                LPSCI_EnableInterrupts
                0x0000000000002fcc                LPSCI_DisableInterrupts
                0x0000000000002fec                LPSCI_GetEnabledInterrupts
                0x0000000000003004                LPSCI_GetStatusFlags
                0x000000000000300e                LPSCI_ClearStatusFlags
                0x0000000000003060                LPSCI_TransferHandleIRQ
                0x00000000000032d0                LPSCI_WriteBlocking
                0x000000000000330c                LPSCI_ReadBlocking
                0x00000000000033a0                LPSCI_TransferCreateHandle
                0x000000000000340c                LPSCI_TransferStartRingBuffer
                0x0000000000003474                LPSCI_TransferStopRingBuffer
                0x00000000000034c8                LPSCI_TransferSendNonBlocking
                0x0000000000003568                LPSCI_TransferAbortSend
                0x000000000000359c                LPSCI_TransferGetSendCount
                0x00000000000035f4                LPSCI_TransferReceiveNonBlocking
                0x0000000000003770                LPSCI_TransferAbortReceive
                0x00000000000037c4                LPSCI_TransferGetReceiveCount
                0x0000000000003818                LPSCI_TransferHandleErrorIRQ
                0x000000000000381a                UART0_DriverIRQHandler
 .text          0x0000000000003830      0x58c utilities/fsl_str.o
                0x0000000000003900                StrFormatPrintf
                0x0000000000003aee                StrFormatScanf
 .text          0x0000000000003dbc       0x1c utilities/fsl_assert.o
                0x0000000000003dbc                __assert_func
 .text          0x0000000000003dd8      0x168 utilities/fsl_io.o
                0x0000000000003dd8                IO_Init
                0x0000000000003e74                IO_Deinit
                0x0000000000003eac                IO_WaitIdle
                0x0000000000003ee0                IO_Transfer
 .text          0x0000000000003f40      0x14c utilities/fsl_debug_console.o
                0x0000000000003f7e                DbgConsole_Init
                0x0000000000003fa8                DbgConsole_Deinit
                0x0000000000003fb2                DbgConsole_Flush
                0x0000000000003fba                DbgConsole_Printf
                0x0000000000003ff4                DbgConsole_Putchar
                0x0000000000004006                DbgConsole_Scanf
                0x0000000000004038                DbgConsole_Getchar
                0x000000000000404c                _write
                0x0000000000004074                _read
 .text          0x000000000000408c      0x134 utilities/fsl_log.o
                0x00000000000040a0                LOG_Init
                0x00000000000040be                LOG_Deinit
                0x00000000000040c6                LOG_WaitIdle
                0x00000000000040d0                LOG_Pop
                0x00000000000040ea                LOG_Push
                0x0000000000004110                LOG_ReadLine
                0x000000000000418c                LOG_ReadCharacter
 .text          0x00000000000041c0       0x44 BOARD/pin_mux.o
                0x00000000000041c0                BOARD_InitPins
 .text          0x0000000000004204       0x38 BOARD/board.o
                0x0000000000004204                BOARD_InitDebugConsole
 .text          0x000000000000423c       0xd0 BOARD/clock_config.o
                0x0000000000004254                BOARD_BootClockRUN
                0x00000000000042b8                BOARD_BootClockVLPR
 .text          0x000000000000430c      0x114 /usr/lib/gcc/arm-none-eabi/6.3.1/thumb/v6-m/libgcc.a(_udivsi3.o)
                0x000000000000430c                __udivsi3
                0x000000000000430c                __aeabi_uidiv
                0x0000000000004418                __aeabi_uidivmod
 .text          0x0000000000004420      0x1d4 /usr/lib/gcc/arm-none-eabi/6.3.1/thumb/v6-m/libgcc.a(_divsi3.o)
                0x0000000000004420                __aeabi_idiv
                0x0000000000004420                __divsi3
                0x00000000000045ec                __aeabi_idivmod
 .text          0x00000000000045f4        0x4 /usr/lib/gcc/arm-none-eabi/6.3.1/thumb/v6-m/libgcc.a(_dvmd_tls.o)
                0x00000000000045f4                __aeabi_ldiv0
                0x00000000000045f4                __aeabi_idiv0
 .text          0x00000000000045f8       0x18 /usr/lib/gcc/arm-none-eabi/6.3.1/../../../arm-none-eabi/lib/thumb/v6-m/libg_nano.a(lib_a-atoi.o)
                0x00000000000045f8                atoi
                0x0000000000004604                _atoi_r
 .text          0x0000000000004610       0x84 /usr/lib/gcc/arm-none-eabi/6.3.1/../../../arm-none-eabi/lib/thumb/v6-m/libg_nano.a(lib_a-memcpy-stub.o)
                0x0000000000004610                memcpy
 .text          0x0000000000004694       0x94 /usr/lib/gcc/arm-none-eabi/6.3.1/../../../arm-none-eabi/lib/thumb/v6-m/libg_nano.a(lib_a-memset.o)
                0x0000000000004694                memset
 .text          0x0000000000004728       0x88 /usr/lib/gcc/arm-none-eabi/6.3.1/../../../arm-none-eabi/lib/thumb/v6-m/libg_nano.a(lib_a-strcmp.o)
                0x0000000000004728                strcmp
 .text          0x00000000000047b0       0x64 /usr/lib/gcc/arm-none-eabi/6.3.1/../../../arm-none-eabi/lib/thumb/v6-m/libg_nano.a(lib_a-strlen-stub.o)
                0x00000000000047b0                strlen
 .text          0x0000000000004814      0x190 /usr/lib/gcc/arm-none-eabi/6.3.1/../../../arm-none-eabi/lib/thumb/v6-m/libg_nano.a(lib_a-strtol.o)
                0x0000000000004814                _strtol_r
                0x000000000000498c                strtol
 *(.glue_7t)
 .glue_7t       0x00000000000049a4        0x0 linker stubs
 *(.glue_7)
 .glue_7        0x00000000000049a4        0x0 linker stubs
 *(.rodata .rodata* .gnu.linkonce.r.*)
 .rodata        0x00000000000049a4       0x48 lcd.o
 .rodata.str1.4
                0x00000000000049ec      0x112 main.o
 *fill*         0x0000000000004afe        0x2 
 .rodata        0x0000000000004b00      0x14c drivers/fsl_clock.o
 .rodata.str1.4
                0x0000000000004c4c       0x43 drivers/fsl_clock.o
 *fill*         0x0000000000004c8f        0x1 
 .rodata        0x0000000000004c90      0x20d drivers/fsl_uart.o
 *fill*         0x0000000000004e9d        0x3 
 .rodata.str1.4
                0x0000000000004ea0       0x8e drivers/fsl_uart.o
                                         0xa6 (size before relaxing)
 *fill*         0x0000000000004f2e        0x2 
 .rodata        0x0000000000004f30       0x1c drivers/fsl_ftfx_cache.o
 .rodata        0x0000000000004f4c        0x2 drivers/fsl_smc.o
 *fill*         0x0000000000004f4e        0x2 
 .rodata        0x0000000000004f50      0x212 drivers/fsl_lpsci.o
 *fill*         0x0000000000005162        0x2 
 .rodata.str1.4
                0x0000000000005164       0x38 drivers/fsl_lpsci.o
                                         0xae (size before relaxing)
 .rodata        0x000000000000519c      0x124 utilities/fsl_str.o
 .rodata.str1.4
                0x00000000000052c0       0x3e utilities/fsl_assert.o
 *fill*         0x00000000000052fe        0x2 
 .rodata        0x0000000000005300        0x8 utilities/fsl_io.o
 .rodata.str1.4
                0x0000000000005308       0x1f utilities/fsl_io.o
 *fill*         0x0000000000005327        0x1 
 .rodata        0x0000000000005328       0x10 utilities/fsl_debug_console.o
 .rodata.str1.4
                0x0000000000005338       0x4a utilities/fsl_debug_console.o
 *fill*         0x0000000000005382        0x2 
 .rodata        0x0000000000005384       0x2e utilities/fsl_log.o
 *fill*         0x00000000000053b2        0x2 
 .rodata.str1.4
                0x00000000000053b4       0x2b utilities/fsl_log.o
 *fill*         0x00000000000053df        0x1 
 .rodata        0x00000000000053e0       0x36 BOARD/clock_config.o
                0x00000000000053e0                oscConfig_BOARD_BootClockRUN
                0x00000000000053e8                mcgConfig_BOARD_BootClockRUN
                0x00000000000053f4                simConfig_BOARD_BootClockRUN
                0x00000000000053fc                simConfig_BOARD_BootClockVLPR
                0x0000000000005404                oscConfig_BOARD_BootClockVLPR
                0x000000000000540c                mcgConfig_BOARD_BootClockVLPR
 *fill*         0x0000000000005416        0x2 
 .rodata        0x0000000000005418      0x101 /usr/lib/gcc/arm-none-eabi/6.3.1/../../../arm-none-eabi/lib/thumb/v6-m/libg_nano.a(lib_a-ctype_.o)
                0x0000000000005418                _ctype_
 *fill*         0x0000000000005519        0x3 
 .rodata.str1.4
                0x000000000000551c        0x4 /usr/lib/gcc/arm-none-eabi/6.3.1/../../../arm-none-eabi/lib/thumb/v6-m/libg_nano.a(lib_a-impure.o)
                                          0x2 (size before relaxing)

.vfp11_veneer   0x0000000000005520        0x0
 .vfp11_veneer  0x0000000000005520        0x0 linker stubs

.v4_bx          0x0000000000005520        0x0
 .v4_bx         0x0000000000005520        0x0 linker stubs

.init           0x0000000000005520        0x4
 .init          0x0000000000005520        0x4 /usr/lib/gcc/arm-none-eabi/6.3.1/thumb/v6-m/crti.o
                0x0000000000005520                _init

.fini           0x0000000000005524        0x4
 .fini          0x0000000000005524        0x4 /usr/lib/gcc/arm-none-eabi/6.3.1/thumb/v6-m/crti.o
                0x0000000000005524                _fini

.iplt           0x0000000000005528        0x0
 .iplt          0x0000000000005528        0x0 /usr/lib/gcc/arm-none-eabi/6.3.1/thumb/v6-m/crtbegin.o

.rel.dyn        0x0000000000005528        0x0
 .rel.iplt      0x0000000000005528        0x0 /usr/lib/gcc/arm-none-eabi/6.3.1/thumb/v6-m/crtbegin.o

.ARM.extab
 *(.ARM.extab* .gnu.linkonce.armextab.*)

.ARM.exidx
 *(.ARM.exidx* .gnu.linkonce.armexidx.*)
                0x0000000000005528                . = ALIGN (0x4)
                0x0000000000005528                _etext = .
                0x0000000000005528                _sidata = .

.data           0x000000001fffe000       0x74 load address 0x0000000000005528
                0x000000001fffe000                _sdata = .
 *(.data .data.*)
 .data          0x000000001fffe000        0x4 CMSIS/system_MKL46Z4.o
                0x000000001fffe000                SystemCoreClock
 .data          0x000000001fffe004        0x8 drivers/fsl_clock.o
 .data          0x000000001fffe00c        0x4 /usr/lib/gcc/arm-none-eabi/6.3.1/../../../arm-none-eabi/lib/thumb/v6-m/libg_nano.a(lib_a-ctype_.o)
                0x000000001fffe00c                __ctype_ptr__
 .data          0x000000001fffe010       0x64 /usr/lib/gcc/arm-none-eabi/6.3.1/../../../arm-none-eabi/lib/thumb/v6-m/libg_nano.a(lib_a-impure.o)
                0x000000001fffe010                _impure_ptr
                0x000000001fffe074                . = ALIGN (0x4)
                0x000000001fffe074                _edata = .

.igot.plt       0x000000001fffe074        0x0 load address 0x000000000000559c
 .igot.plt      0x000000001fffe074        0x0 /usr/lib/gcc/arm-none-eabi/6.3.1/thumb/v6-m/crtbegin.o

.bss            0x000000001fffe074       0x78 load address 0x000000000000559c
                0x000000001fffe074                _sbss = .
 *(.bss .bss.*)
 .bss           0x000000001fffe074        0xc main.o
                0x000000001fffe074                blink
                0x000000001fffe078                blred
                0x000000001fffe07c                blgreen
 .bss           0x000000001fffe080       0x10 drivers/fsl_uart.o
 .bss           0x000000001fffe090       0x40 drivers/fsl_ftfx_cache.o
 .bss           0x000000001fffe0d0        0x4 drivers/fsl_smc.o
 .bss           0x000000001fffe0d4        0x8 drivers/fsl_lpsci.o
 .bss           0x000000001fffe0dc        0x8 utilities/fsl_io.o
 *(COMMON)
 COMMON         0x000000001fffe0e4        0x8 drivers/fsl_clock.o
                0x000000001fffe0e4                g_xtal32Freq
                0x000000001fffe0e8                g_xtal0Freq
                0x000000001fffe0ec                . = ALIGN (0x4)
                0x000000001fffe0ec                _ebss = .

.co_stack       0x000000001fffe0ec      0x404 load address 0x0000000000005614
                0x000000001fffe0f0                . = ALIGN (0x8)
 *fill*         0x000000001fffe0ec        0x4 
                0x000000001fffe4f0                . = (. + STACK_SIZE)
 *fill*         0x000000001fffe0f0      0x400 
                0x000000001fffe4f0                _start_of_stack = .
                0x000000001fffe4f0                . = ALIGN (0x4)
                0x000000001fffe4f0                _end = .
LOAD lcd.o
LOAD main.o
LOAD startup.o
LOAD CMSIS/system_MKL46Z4.o
LOAD drivers/fsl_clock.o
LOAD drivers/fsl_uart.o
LOAD drivers/fsl_gpio.o
LOAD drivers/fsl_ftfx_cache.o
LOAD drivers/fsl_lptmr.o
LOAD drivers/fsl_smc.o
LOAD drivers/fsl_ftfx_controller.o
LOAD drivers/fsl_common.o
LOAD drivers/fsl_ftfx_flash.o
LOAD drivers/fsl_lpsci.o
LOAD utilities/fsl_str.o
LOAD utilities/fsl_assert.o
LOAD utilities/fsl_io.o
LOAD utilities/fsl_debug_console.o
LOAD utilities/fsl_log.o
LOAD BOARD/pin_mux.o
LOAD BOARD/board.o
LOAD BOARD/clock_config.o
START GROUP
LOAD /usr/lib/gcc/arm-none-eabi/6.3.1/thumb/v6-m/libgcc.a
LOAD /usr/lib/gcc/arm-none-eabi/6.3.1/../../../arm-none-eabi/lib/thumb/v6-m/libg_nano.a
LOAD /usr/lib/gcc/arm-none-eabi/6.3.1/../../../arm-none-eabi/lib/thumb/v6-m/libc_nano.a
END GROUP
START GROUP
LOAD /usr/lib/gcc/arm-none-eabi/6.3.1/thumb/v6-m/libgcc.a
LOAD /usr/lib/gcc/arm-none-eabi/6.3.1/../../../arm-none-eabi/lib/thumb/v6-m/libc_nano.a
END GROUP
LOAD /usr/lib/gcc/arm-none-eabi/6.3.1/thumb/v6-m/crtend.o
LOAD /usr/lib/gcc/arm-none-eabi/6.3.1/thumb/v6-m/crtn.o
OUTPUT(main.elf elf32-littlearm)

.ARM.attributes
                0x0000000000000000       0x28
 .ARM.attributes
                0x0000000000000000       0x1e /usr/lib/gcc/arm-none-eabi/6.3.1/thumb/v6-m/crti.o
 .ARM.attributes
                0x000000000000001e       0x32 lcd.o
 .ARM.attributes
                0x0000000000000050       0x32 main.o
 .ARM.attributes
                0x0000000000000082       0x32 startup.o
 .ARM.attributes
                0x00000000000000b4       0x32 CMSIS/system_MKL46Z4.o
 .ARM.attributes
                0x00000000000000e6       0x32 drivers/fsl_clock.o
 .ARM.attributes
                0x0000000000000118       0x32 drivers/fsl_uart.o
 .ARM.attributes
                0x000000000000014a       0x32 drivers/fsl_ftfx_cache.o
 .ARM.attributes
                0x000000000000017c       0x32 drivers/fsl_smc.o
 .ARM.attributes
                0x00000000000001ae       0x32 drivers/fsl_lpsci.o
 .ARM.attributes
                0x00000000000001e0       0x32 utilities/fsl_str.o
 .ARM.attributes
                0x0000000000000212       0x32 utilities/fsl_assert.o
 .ARM.attributes
                0x0000000000000244       0x32 utilities/fsl_io.o
 .ARM.attributes
                0x0000000000000276       0x32 utilities/fsl_debug_console.o
 .ARM.attributes
                0x00000000000002a8       0x32 utilities/fsl_log.o
 .ARM.attributes
                0x00000000000002da       0x32 BOARD/pin_mux.o
 .ARM.attributes
                0x000000000000030c       0x32 BOARD/board.o
 .ARM.attributes
                0x000000000000033e       0x32 BOARD/clock_config.o
 .ARM.attributes
                0x0000000000000370       0x1e /usr/lib/gcc/arm-none-eabi/6.3.1/thumb/v6-m/libgcc.a(_udivsi3.o)
 .ARM.attributes
                0x000000000000038e       0x1e /usr/lib/gcc/arm-none-eabi/6.3.1/thumb/v6-m/libgcc.a(_divsi3.o)
 .ARM.attributes
                0x00000000000003ac       0x1e /usr/lib/gcc/arm-none-eabi/6.3.1/thumb/v6-m/libgcc.a(_dvmd_tls.o)
 .ARM.attributes
                0x00000000000003ca       0x2c /usr/lib/gcc/arm-none-eabi/6.3.1/../../../arm-none-eabi/lib/thumb/v6-m/libg_nano.a(lib_a-atoi.o)
 .ARM.attributes
                0x00000000000003f6       0x2c /usr/lib/gcc/arm-none-eabi/6.3.1/../../../arm-none-eabi/lib/thumb/v6-m/libg_nano.a(lib_a-ctype_.o)
 .ARM.attributes
                0x0000000000000422       0x2c /usr/lib/gcc/arm-none-eabi/6.3.1/../../../arm-none-eabi/lib/thumb/v6-m/libg_nano.a(lib_a-impure.o)
 .ARM.attributes
                0x000000000000044e       0x2c /usr/lib/gcc/arm-none-eabi/6.3.1/../../../arm-none-eabi/lib/thumb/v6-m/libg_nano.a(lib_a-memcpy-stub.o)
 .ARM.attributes
                0x000000000000047a       0x2c /usr/lib/gcc/arm-none-eabi/6.3.1/../../../arm-none-eabi/lib/thumb/v6-m/libg_nano.a(lib_a-memset.o)
 .ARM.attributes
                0x00000000000004a6       0x1b /usr/lib/gcc/arm-none-eabi/6.3.1/../../../arm-none-eabi/lib/thumb/v6-m/libg_nano.a(lib_a-strcmp.o)
 .ARM.attributes
                0x00000000000004c1       0x2c /usr/lib/gcc/arm-none-eabi/6.3.1/../../../arm-none-eabi/lib/thumb/v6-m/libg_nano.a(lib_a-strlen-stub.o)
 .ARM.attributes
                0x00000000000004ed       0x2c /usr/lib/gcc/arm-none-eabi/6.3.1/../../../arm-none-eabi/lib/thumb/v6-m/libg_nano.a(lib_a-strtol.o)

.comment        0x0000000000000000       0x31
 .comment       0x0000000000000000       0x31 lcd.o
                                         0x32 (size before relaxing)
 .comment       0x0000000000000031       0x32 main.o
 .comment       0x0000000000000031       0x32 startup.o
 .comment       0x0000000000000031       0x32 CMSIS/system_MKL46Z4.o
 .comment       0x0000000000000031       0x32 drivers/fsl_clock.o
 .comment       0x0000000000000031       0x32 drivers/fsl_uart.o
 .comment       0x0000000000000031       0x32 drivers/fsl_ftfx_cache.o
 .comment       0x0000000000000031       0x32 drivers/fsl_smc.o
 .comment       0x0000000000000031       0x32 drivers/fsl_lpsci.o
 .comment       0x0000000000000031       0x32 utilities/fsl_str.o
 .comment       0x0000000000000031       0x32 utilities/fsl_assert.o
 .comment       0x0000000000000031       0x32 utilities/fsl_io.o
 .comment       0x0000000000000031       0x32 utilities/fsl_debug_console.o
 .comment       0x0000000000000031       0x32 utilities/fsl_log.o
 .comment       0x0000000000000031       0x32 BOARD/pin_mux.o
 .comment       0x0000000000000031       0x32 BOARD/board.o
 .comment       0x0000000000000031       0x32 BOARD/clock_config.o
 .comment       0x0000000000000031       0x32 /usr/lib/gcc/arm-none-eabi/6.3.1/../../../arm-none-eabi/lib/thumb/v6-m/libg_nano.a(lib_a-atoi.o)
 .comment       0x0000000000000031       0x32 /usr/lib/gcc/arm-none-eabi/6.3.1/../../../arm-none-eabi/lib/thumb/v6-m/libg_nano.a(lib_a-ctype_.o)
 .comment       0x0000000000000031       0x32 /usr/lib/gcc/arm-none-eabi/6.3.1/../../../arm-none-eabi/lib/thumb/v6-m/libg_nano.a(lib_a-impure.o)
 .comment       0x0000000000000031       0x32 /usr/lib/gcc/arm-none-eabi/6.3.1/../../../arm-none-eabi/lib/thumb/v6-m/libg_nano.a(lib_a-memcpy-stub.o)
 .comment       0x0000000000000031       0x32 /usr/lib/gcc/arm-none-eabi/6.3.1/../../../arm-none-eabi/lib/thumb/v6-m/libg_nano.a(lib_a-memset.o)
 .comment       0x0000000000000031       0x32 /usr/lib/gcc/arm-none-eabi/6.3.1/../../../arm-none-eabi/lib/thumb/v6-m/libg_nano.a(lib_a-strlen-stub.o)
 .comment       0x0000000000000031       0x32 /usr/lib/gcc/arm-none-eabi/6.3.1/../../../arm-none-eabi/lib/thumb/v6-m/libg_nano.a(lib_a-strtol.o)

.debug_info     0x0000000000000000    0x17131
 .debug_info    0x0000000000000000      0x66f lcd.o
 .debug_info    0x000000000000066f     0x1a39 main.o
 .debug_info    0x00000000000020a8      0x126 startup.o
 .debug_info    0x00000000000021ce      0x409 CMSIS/system_MKL46Z4.o
 .debug_info    0x00000000000025d7     0x26f6 drivers/fsl_clock.o
 .debug_info    0x0000000000004ccd     0x27ba drivers/fsl_uart.o
 .debug_info    0x0000000000007487      0xef5 drivers/fsl_ftfx_cache.o
 .debug_info    0x000000000000837c     0x122c drivers/fsl_smc.o
 .debug_info    0x00000000000095a8     0x28f0 drivers/fsl_lpsci.o
 .debug_info    0x000000000000be98      0xf44 utilities/fsl_str.o
 .debug_info    0x000000000000cddc      0x958 utilities/fsl_assert.o
 .debug_info    0x000000000000d734     0x1307 utilities/fsl_io.o
 .debug_info    0x000000000000ea3b      0xe1e utilities/fsl_debug_console.o
 .debug_info    0x000000000000f859      0xd2b utilities/fsl_log.o
 .debug_info    0x0000000000010584      0xddd BOARD/pin_mux.o
 .debug_info    0x0000000000011361      0xeed BOARD/board.o
 .debug_info    0x000000000001224e     0x1409 BOARD/clock_config.o
 .debug_info    0x0000000000013657       0xbf /usr/lib/gcc/arm-none-eabi/6.3.1/thumb/v6-m/libgcc.a(_udivsi3.o)
 .debug_info    0x0000000000013716       0xbf /usr/lib/gcc/arm-none-eabi/6.3.1/thumb/v6-m/libgcc.a(_divsi3.o)
 .debug_info    0x00000000000137d5       0xbf /usr/lib/gcc/arm-none-eabi/6.3.1/thumb/v6-m/libgcc.a(_dvmd_tls.o)
 .debug_info    0x0000000000013894      0x93c /usr/lib/gcc/arm-none-eabi/6.3.1/../../../arm-none-eabi/lib/thumb/v6-m/libg_nano.a(lib_a-atoi.o)
 .debug_info    0x00000000000141d0       0xc0 /usr/lib/gcc/arm-none-eabi/6.3.1/../../../arm-none-eabi/lib/thumb/v6-m/libg_nano.a(lib_a-ctype_.o)
 .debug_info    0x0000000000014290      0x8a0 /usr/lib/gcc/arm-none-eabi/6.3.1/../../../arm-none-eabi/lib/thumb/v6-m/libg_nano.a(lib_a-impure.o)
 .debug_info    0x0000000000014b30      0x92f /usr/lib/gcc/arm-none-eabi/6.3.1/../../../arm-none-eabi/lib/thumb/v6-m/libg_nano.a(lib_a-memcpy-stub.o)
 .debug_info    0x000000000001545f      0x916 /usr/lib/gcc/arm-none-eabi/6.3.1/../../../arm-none-eabi/lib/thumb/v6-m/libg_nano.a(lib_a-memset.o)
 .debug_info    0x0000000000015d75       0xcd /usr/lib/gcc/arm-none-eabi/6.3.1/../../../arm-none-eabi/lib/thumb/v6-m/libg_nano.a(lib_a-strcmp.o)
 .debug_info    0x0000000000015e42      0x8d9 /usr/lib/gcc/arm-none-eabi/6.3.1/../../../arm-none-eabi/lib/thumb/v6-m/libg_nano.a(lib_a-strlen-stub.o)
 .debug_info    0x000000000001671b      0xa16 /usr/lib/gcc/arm-none-eabi/6.3.1/../../../arm-none-eabi/lib/thumb/v6-m/libg_nano.a(lib_a-strtol.o)

.debug_abbrev   0x0000000000000000     0x3a32
 .debug_abbrev  0x0000000000000000      0x1af lcd.o
 .debug_abbrev  0x00000000000001af      0x361 main.o
 .debug_abbrev  0x0000000000000510       0xd7 startup.o
 .debug_abbrev  0x00000000000005e7      0x139 CMSIS/system_MKL46Z4.o
 .debug_abbrev  0x0000000000000720      0x473 drivers/fsl_clock.o
 .debug_abbrev  0x0000000000000b93      0x467 drivers/fsl_uart.o
 .debug_abbrev  0x0000000000000ffa      0x2bf drivers/fsl_ftfx_cache.o
 .debug_abbrev  0x00000000000012b9      0x35a drivers/fsl_smc.o
 .debug_abbrev  0x0000000000001613      0x467 drivers/fsl_lpsci.o
 .debug_abbrev  0x0000000000001a7a      0x32d utilities/fsl_str.o
 .debug_abbrev  0x0000000000001da7      0x1dd utilities/fsl_assert.o
 .debug_abbrev  0x0000000000001f84      0x302 utilities/fsl_io.o
 .debug_abbrev  0x0000000000002286      0x2d7 utilities/fsl_debug_console.o
 .debug_abbrev  0x000000000000255d      0x28b utilities/fsl_log.o
 .debug_abbrev  0x00000000000027e8      0x285 BOARD/pin_mux.o
 .debug_abbrev  0x0000000000002a6d      0x274 BOARD/board.o
 .debug_abbrev  0x0000000000002ce1      0x313 BOARD/clock_config.o
 .debug_abbrev  0x0000000000002ff4       0x14 /usr/lib/gcc/arm-none-eabi/6.3.1/thumb/v6-m/libgcc.a(_udivsi3.o)
 .debug_abbrev  0x0000000000003008       0x14 /usr/lib/gcc/arm-none-eabi/6.3.1/thumb/v6-m/libgcc.a(_divsi3.o)
 .debug_abbrev  0x000000000000301c       0x14 /usr/lib/gcc/arm-none-eabi/6.3.1/thumb/v6-m/libgcc.a(_dvmd_tls.o)
 .debug_abbrev  0x0000000000003030      0x1a3 /usr/lib/gcc/arm-none-eabi/6.3.1/../../../arm-none-eabi/lib/thumb/v6-m/libg_nano.a(lib_a-atoi.o)
 .debug_abbrev  0x00000000000031d3       0x5e /usr/lib/gcc/arm-none-eabi/6.3.1/../../../arm-none-eabi/lib/thumb/v6-m/libg_nano.a(lib_a-ctype_.o)
 .debug_abbrev  0x0000000000003231      0x153 /usr/lib/gcc/arm-none-eabi/6.3.1/../../../arm-none-eabi/lib/thumb/v6-m/libg_nano.a(lib_a-impure.o)
 .debug_abbrev  0x0000000000003384      0x1a3 /usr/lib/gcc/arm-none-eabi/6.3.1/../../../arm-none-eabi/lib/thumb/v6-m/libg_nano.a(lib_a-memcpy-stub.o)
 .debug_abbrev  0x0000000000003527      0x197 /usr/lib/gcc/arm-none-eabi/6.3.1/../../../arm-none-eabi/lib/thumb/v6-m/libg_nano.a(lib_a-memset.o)
 .debug_abbrev  0x00000000000036be       0x14 /usr/lib/gcc/arm-none-eabi/6.3.1/../../../arm-none-eabi/lib/thumb/v6-m/libg_nano.a(lib_a-strcmp.o)
 .debug_abbrev  0x00000000000036d2      0x179 /usr/lib/gcc/arm-none-eabi/6.3.1/../../../arm-none-eabi/lib/thumb/v6-m/libg_nano.a(lib_a-strlen-stub.o)
 .debug_abbrev  0x000000000000384b      0x1e7 /usr/lib/gcc/arm-none-eabi/6.3.1/../../../arm-none-eabi/lib/thumb/v6-m/libg_nano.a(lib_a-strtol.o)

.debug_loc      0x0000000000000000     0x6c67
 .debug_loc     0x0000000000000000      0x30d lcd.o
 .debug_loc     0x000000000000030d      0x176 main.o
 .debug_loc     0x0000000000000483       0x58 startup.o
 .debug_loc     0x00000000000004db       0xc3 CMSIS/system_MKL46Z4.o
 .debug_loc     0x000000000000059e     0x1360 drivers/fsl_clock.o
 .debug_loc     0x00000000000018fe     0x1622 drivers/fsl_uart.o
 .debug_loc     0x0000000000002f20      0x1b9 drivers/fsl_ftfx_cache.o
 .debug_loc     0x00000000000030d9      0x2be drivers/fsl_smc.o
 .debug_loc     0x0000000000003397     0x17fd drivers/fsl_lpsci.o
 .debug_loc     0x0000000000004b94      0xa3f utilities/fsl_str.o
 .debug_loc     0x00000000000055d3       0xa3 utilities/fsl_assert.o
 .debug_loc     0x0000000000005676      0x425 utilities/fsl_io.o
 .debug_loc     0x0000000000005a9b      0x371 utilities/fsl_debug_console.o
 .debug_loc     0x0000000000005e0c      0x2ed utilities/fsl_log.o
 .debug_loc     0x00000000000060f9       0x9c BOARD/pin_mux.o
 .debug_loc     0x0000000000006195       0x32 BOARD/board.o
 .debug_loc     0x00000000000061c7       0x7e BOARD/clock_config.o
 .debug_loc     0x0000000000006245       0x63 /usr/lib/gcc/arm-none-eabi/6.3.1/../../../arm-none-eabi/lib/thumb/v6-m/libg_nano.a(lib_a-atoi.o)
 .debug_loc     0x00000000000062a8      0x2c0 /usr/lib/gcc/arm-none-eabi/6.3.1/../../../arm-none-eabi/lib/thumb/v6-m/libg_nano.a(lib_a-memcpy-stub.o)
 .debug_loc     0x0000000000006568      0x1a4 /usr/lib/gcc/arm-none-eabi/6.3.1/../../../arm-none-eabi/lib/thumb/v6-m/libg_nano.a(lib_a-memset.o)
 .debug_loc     0x000000000000670c       0xbe /usr/lib/gcc/arm-none-eabi/6.3.1/../../../arm-none-eabi/lib/thumb/v6-m/libg_nano.a(lib_a-strlen-stub.o)
 .debug_loc     0x00000000000067ca      0x49d /usr/lib/gcc/arm-none-eabi/6.3.1/../../../arm-none-eabi/lib/thumb/v6-m/libg_nano.a(lib_a-strtol.o)

.debug_aranges  0x0000000000000000      0x370
 .debug_aranges
                0x0000000000000000       0x20 lcd.o
 .debug_aranges
                0x0000000000000020       0x20 main.o
 .debug_aranges
                0x0000000000000040       0x20 startup.o
 .debug_aranges
                0x0000000000000060       0x20 CMSIS/system_MKL46Z4.o
 .debug_aranges
                0x0000000000000080       0x20 drivers/fsl_clock.o
 .debug_aranges
                0x00000000000000a0       0x20 drivers/fsl_uart.o
 .debug_aranges
                0x00000000000000c0       0x20 drivers/fsl_ftfx_cache.o
 .debug_aranges
                0x00000000000000e0       0x20 drivers/fsl_smc.o
 .debug_aranges
                0x0000000000000100       0x20 drivers/fsl_lpsci.o
 .debug_aranges
                0x0000000000000120       0x20 utilities/fsl_str.o
 .debug_aranges
                0x0000000000000140       0x20 utilities/fsl_assert.o
 .debug_aranges
                0x0000000000000160       0x20 utilities/fsl_io.o
 .debug_aranges
                0x0000000000000180       0x20 utilities/fsl_debug_console.o
 .debug_aranges
                0x00000000000001a0       0x20 utilities/fsl_log.o
 .debug_aranges
                0x00000000000001c0       0x20 BOARD/pin_mux.o
 .debug_aranges
                0x00000000000001e0       0x20 BOARD/board.o
 .debug_aranges
                0x0000000000000200       0x20 BOARD/clock_config.o
 .debug_aranges
                0x0000000000000220       0x20 /usr/lib/gcc/arm-none-eabi/6.3.1/thumb/v6-m/libgcc.a(_udivsi3.o)
 .debug_aranges
                0x0000000000000240       0x20 /usr/lib/gcc/arm-none-eabi/6.3.1/thumb/v6-m/libgcc.a(_divsi3.o)
 .debug_aranges
                0x0000000000000260       0x20 /usr/lib/gcc/arm-none-eabi/6.3.1/thumb/v6-m/libgcc.a(_dvmd_tls.o)
 .debug_aranges
                0x0000000000000280       0x20 /usr/lib/gcc/arm-none-eabi/6.3.1/../../../arm-none-eabi/lib/thumb/v6-m/libg_nano.a(lib_a-atoi.o)
 .debug_aranges
                0x00000000000002a0       0x18 /usr/lib/gcc/arm-none-eabi/6.3.1/../../../arm-none-eabi/lib/thumb/v6-m/libg_nano.a(lib_a-ctype_.o)
 .debug_aranges
                0x00000000000002b8       0x18 /usr/lib/gcc/arm-none-eabi/6.3.1/../../../arm-none-eabi/lib/thumb/v6-m/libg_nano.a(lib_a-impure.o)
 .debug_aranges
                0x00000000000002d0       0x20 /usr/lib/gcc/arm-none-eabi/6.3.1/../../../arm-none-eabi/lib/thumb/v6-m/libg_nano.a(lib_a-memcpy-stub.o)
 .debug_aranges
                0x00000000000002f0       0x20 /usr/lib/gcc/arm-none-eabi/6.3.1/../../../arm-none-eabi/lib/thumb/v6-m/libg_nano.a(lib_a-memset.o)
 .debug_aranges
                0x0000000000000310       0x20 /usr/lib/gcc/arm-none-eabi/6.3.1/../../../arm-none-eabi/lib/thumb/v6-m/libg_nano.a(lib_a-strcmp.o)
 .debug_aranges
                0x0000000000000330       0x20 /usr/lib/gcc/arm-none-eabi/6.3.1/../../../arm-none-eabi/lib/thumb/v6-m/libg_nano.a(lib_a-strlen-stub.o)
 .debug_aranges
                0x0000000000000350       0x20 /usr/lib/gcc/arm-none-eabi/6.3.1/../../../arm-none-eabi/lib/thumb/v6-m/libg_nano.a(lib_a-strtol.o)

.debug_macro    0x0000000000000000     0xe58a
 .debug_macro   0x0000000000000000       0xb5 lcd.o
 .debug_macro   0x00000000000000b5      0x898 lcd.o
 .debug_macro   0x000000000000094d       0x3f lcd.o
 .debug_macro   0x000000000000098c       0x22 lcd.o
 .debug_macro   0x00000000000009ae       0x87 lcd.o
 .debug_macro   0x0000000000000a35       0x44 lcd.o
 .debug_macro   0x0000000000000a79       0xfd lcd.o
 .debug_macro   0x0000000000000b76       0x5e lcd.o
 .debug_macro   0x0000000000000bd4      0x1df lcd.o
 .debug_macro   0x0000000000000db3       0x1c lcd.o
 .debug_macro   0x0000000000000dcf       0x22 lcd.o
 .debug_macro   0x0000000000000df1       0xb5 lcd.o
 .debug_macro   0x0000000000000ea6      0x37c lcd.o
 .debug_macro   0x0000000000001222       0x38 lcd.o
 .debug_macro   0x000000000000125a     0x87f8 lcd.o
 .debug_macro   0x0000000000009a52       0xc4 lcd.o
 .debug_macro   0x0000000000009b16      0x22d main.o
 .debug_macro   0x0000000000009d43       0x10 main.o
 .debug_macro   0x0000000000009d53     0x121a main.o
 .debug_macro   0x000000000000af6d       0x52 main.o
 .debug_macro   0x000000000000afbf       0x35 main.o
 .debug_macro   0x000000000000aff4       0x9c main.o
 .debug_macro   0x000000000000b090       0x1c main.o
 .debug_macro   0x000000000000b0ac       0x22 main.o
 .debug_macro   0x000000000000b0ce      0x174 main.o
 .debug_macro   0x000000000000b242       0x52 main.o
 .debug_macro   0x000000000000b294       0x1f main.o
 .debug_macro   0x000000000000b2b3       0x43 main.o
 .debug_macro   0x000000000000b2f6       0x20 main.o
 .debug_macro   0x000000000000b316      0x187 main.o
 .debug_macro   0x000000000000b49d      0x307 main.o
 .debug_macro   0x000000000000b7a4       0x10 main.o
 .debug_macro   0x000000000000b7b4       0x35 main.o
 .debug_macro   0x000000000000b7e9       0x16 main.o
 .debug_macro   0x000000000000b7ff       0x16 main.o
 .debug_macro   0x000000000000b815       0x29 main.o
 .debug_macro   0x000000000000b83e       0x52 main.o
 .debug_macro   0x000000000000b890      0x10a main.o
 .debug_macro   0x000000000000b99a       0x74 main.o
 .debug_macro   0x000000000000ba0e       0x28 main.o
 .debug_macro   0x000000000000ba36       0x1c main.o
 .debug_macro   0x000000000000ba52       0x10 main.o
 .debug_macro   0x000000000000ba62      0x15b main.o
 .debug_macro   0x000000000000bbbd       0xac main.o
 .debug_macro   0x000000000000bc69       0x6a main.o
 .debug_macro   0x000000000000bcd3       0x17 startup.o
 .debug_macro   0x000000000000bcea       0xbe CMSIS/system_MKL46Z4.o
 .debug_macro   0x000000000000bda8      0x29a drivers/fsl_clock.o
 .debug_macro   0x000000000000c042       0x4c drivers/fsl_clock.o
 .debug_macro   0x000000000000c08e       0x8d drivers/fsl_clock.o
 .debug_macro   0x000000000000c11b       0x4a drivers/fsl_clock.o
 .debug_macro   0x000000000000c165      0x30d drivers/fsl_clock.o
 .debug_macro   0x000000000000c472       0xaf drivers/fsl_clock.o
 .debug_macro   0x000000000000c521      0x1f0 drivers/fsl_uart.o
 .debug_macro   0x000000000000c711      0x23e drivers/fsl_ftfx_cache.o
 .debug_macro   0x000000000000c94f      0x26a drivers/fsl_ftfx_cache.o
 .debug_macro   0x000000000000cbb9       0x2e drivers/fsl_ftfx_cache.o
 .debug_macro   0x000000000000cbe7       0x7c drivers/fsl_ftfx_cache.o
 .debug_macro   0x000000000000cc63       0x16 drivers/fsl_ftfx_cache.o
 .debug_macro   0x000000000000cc79      0x237 drivers/fsl_smc.o
 .debug_macro   0x000000000000ceb0       0x1c drivers/fsl_smc.o
 .debug_macro   0x000000000000cecc      0x1ea drivers/fsl_lpsci.o
 .debug_macro   0x000000000000d0b6      0x1fd utilities/fsl_str.o
 .debug_macro   0x000000000000d2b3      0x1e1 utilities/fsl_str.o
 .debug_macro   0x000000000000d494       0x58 utilities/fsl_str.o
 .debug_macro   0x000000000000d4ec       0x16 utilities/fsl_str.o
 .debug_macro   0x000000000000d502       0x57 utilities/fsl_str.o
 .debug_macro   0x000000000000d559      0x1dd utilities/fsl_assert.o
 .debug_macro   0x000000000000d736       0x2e utilities/fsl_assert.o
 .debug_macro   0x000000000000d764      0x205 utilities/fsl_io.o
 .debug_macro   0x000000000000d969       0x10 utilities/fsl_io.o
 .debug_macro   0x000000000000d979       0x10 utilities/fsl_io.o
 .debug_macro   0x000000000000d989      0x203 utilities/fsl_debug_console.o
 .debug_macro   0x000000000000db8c      0x10e utilities/fsl_debug_console.o
 .debug_macro   0x000000000000dc9a       0x8d utilities/fsl_debug_console.o
 .debug_macro   0x000000000000dd27      0x229 utilities/fsl_log.o
 .debug_macro   0x000000000000df50      0x1e6 BOARD/pin_mux.o
 .debug_macro   0x000000000000e136       0x16 BOARD/pin_mux.o
 .debug_macro   0x000000000000e14c      0x20d BOARD/board.o
 .debug_macro   0x000000000000e359      0x21b BOARD/clock_config.o
 .debug_macro   0x000000000000e574       0x16 BOARD/clock_config.o

.debug_line     0x0000000000000000     0x499a
 .debug_line    0x0000000000000000      0x22b lcd.o
 .debug_line    0x000000000000022b      0x406 main.o
 .debug_line    0x0000000000000631       0x51 startup.o
 .debug_line    0x0000000000000682      0x217 CMSIS/system_MKL46Z4.o
 .debug_line    0x0000000000000899      0x686 drivers/fsl_clock.o
 .debug_line    0x0000000000000f1f      0x606 drivers/fsl_uart.o
 .debug_line    0x0000000000001525      0x374 drivers/fsl_ftfx_cache.o
 .debug_line    0x0000000000001899      0x48f drivers/fsl_smc.o
 .debug_line    0x0000000000001d28      0x601 drivers/fsl_lpsci.o
 .debug_line    0x0000000000002329      0x567 utilities/fsl_str.o
 .debug_line    0x0000000000002890      0x2cf utilities/fsl_assert.o
 .debug_line    0x0000000000002b5f      0x36e utilities/fsl_io.o
 .debug_line    0x0000000000002ecd      0x379 utilities/fsl_debug_console.o
 .debug_line    0x0000000000003246      0x35d utilities/fsl_log.o
 .debug_line    0x00000000000035a3      0x2e0 BOARD/pin_mux.o
 .debug_line    0x0000000000003883      0x313 BOARD/board.o
 .debug_line    0x0000000000003b96      0x31f BOARD/clock_config.o
 .debug_line    0x0000000000003eb5       0x6d /usr/lib/gcc/arm-none-eabi/6.3.1/thumb/v6-m/libgcc.a(_udivsi3.o)
 .debug_line    0x0000000000003f22       0x74 /usr/lib/gcc/arm-none-eabi/6.3.1/thumb/v6-m/libgcc.a(_divsi3.o)
 .debug_line    0x0000000000003f96       0x61 /usr/lib/gcc/arm-none-eabi/6.3.1/thumb/v6-m/libgcc.a(_dvmd_tls.o)
 .debug_line    0x0000000000003ff7      0x148 /usr/lib/gcc/arm-none-eabi/6.3.1/../../../arm-none-eabi/lib/thumb/v6-m/libg_nano.a(lib_a-atoi.o)
 .debug_line    0x000000000000413f       0x67 /usr/lib/gcc/arm-none-eabi/6.3.1/../../../arm-none-eabi/lib/thumb/v6-m/libg_nano.a(lib_a-ctype_.o)
 .debug_line    0x00000000000041a6       0xe9 /usr/lib/gcc/arm-none-eabi/6.3.1/../../../arm-none-eabi/lib/thumb/v6-m/libg_nano.a(lib_a-impure.o)
 .debug_line    0x000000000000428f      0x181 /usr/lib/gcc/arm-none-eabi/6.3.1/../../../arm-none-eabi/lib/thumb/v6-m/libg_nano.a(lib_a-memcpy-stub.o)
 .debug_line    0x0000000000004410      0x16d /usr/lib/gcc/arm-none-eabi/6.3.1/../../../arm-none-eabi/lib/thumb/v6-m/libg_nano.a(lib_a-memset.o)
 .debug_line    0x000000000000457d       0xad /usr/lib/gcc/arm-none-eabi/6.3.1/../../../arm-none-eabi/lib/thumb/v6-m/libg_nano.a(lib_a-strcmp.o)
 .debug_line    0x000000000000462a      0x170 /usr/lib/gcc/arm-none-eabi/6.3.1/../../../arm-none-eabi/lib/thumb/v6-m/libg_nano.a(lib_a-strlen-stub.o)
 .debug_line    0x000000000000479a      0x200 /usr/lib/gcc/arm-none-eabi/6.3.1/../../../arm-none-eabi/lib/thumb/v6-m/libg_nano.a(lib_a-strtol.o)

.debug_str      0x0000000000000000    0x545bb
 .debug_str     0x0000000000000000    0x41df4 lcd.o
                                      0x420e9 (size before relaxing)
 .debug_str     0x0000000000041df4     0xc0e5 main.o
                                      0x4e2ca (size before relaxing)
 .debug_str     0x000000000004ded9       0xae startup.o
                                       0x24b3 (size before relaxing)
 .debug_str     0x000000000004df87       0x50 CMSIS/system_MKL46Z4.o
                                      0x48699 (size before relaxing)
 .debug_str     0x000000000004dfd7     0x15fd drivers/fsl_clock.o
                                      0x4e035 (size before relaxing)
 .debug_str     0x000000000004f5d4      0xb87 drivers/fsl_uart.o
                                      0x4d69b (size before relaxing)
 .debug_str     0x000000000005015b     0x1ca6 drivers/fsl_ftfx_cache.o
                                      0x4e34b (size before relaxing)
 .debug_str     0x0000000000051e01      0x44e drivers/fsl_smc.o
                                      0x4e1e9 (size before relaxing)
 .debug_str     0x000000000005224f      0x9c9 drivers/fsl_lpsci.o
                                      0x4d67e (size before relaxing)
 .debug_str     0x0000000000052c18      0xcec utilities/fsl_str.o
                                      0x4ce82 (size before relaxing)
 .debug_str     0x0000000000053904       0x22 utilities/fsl_assert.o
                                      0x4c196 (size before relaxing)
 .debug_str     0x0000000000053926       0xf8 utilities/fsl_io.o
                                      0x4cfdd (size before relaxing)
 .debug_str     0x0000000000053a1e      0x108 utilities/fsl_debug_console.o
                                      0x4c6d6 (size before relaxing)
 .debug_str     0x0000000000053b26      0x18c utilities/fsl_log.o
                                      0x4c59e (size before relaxing)
 .debug_str     0x0000000000053cb2      0x18f BOARD/pin_mux.o
                                      0x4c740 (size before relaxing)
 .debug_str     0x0000000000053e41       0x32 BOARD/board.o
                                      0x4cfaf (size before relaxing)
 .debug_str     0x0000000000053e73      0x285 BOARD/clock_config.o
                                      0x4cf14 (size before relaxing)
 .debug_str     0x00000000000540f8      0x17e /usr/lib/gcc/arm-none-eabi/6.3.1/../../../arm-none-eabi/lib/thumb/v6-m/libg_nano.a(lib_a-atoi.o)
                                        0x5c4 (size before relaxing)
 .debug_str     0x0000000000054276       0x91 /usr/lib/gcc/arm-none-eabi/6.3.1/../../../arm-none-eabi/lib/thumb/v6-m/libg_nano.a(lib_a-ctype_.o)
                                        0x1a0 (size before relaxing)
 .debug_str     0x0000000000054307       0x9d /usr/lib/gcc/arm-none-eabi/6.3.1/../../../arm-none-eabi/lib/thumb/v6-m/libg_nano.a(lib_a-impure.o)
                                        0x5a8 (size before relaxing)
 .debug_str     0x00000000000543a4       0xcc /usr/lib/gcc/arm-none-eabi/6.3.1/../../../arm-none-eabi/lib/thumb/v6-m/libg_nano.a(lib_a-memcpy-stub.o)
                                        0x5e5 (size before relaxing)
 .debug_str     0x0000000000054470       0xa0 /usr/lib/gcc/arm-none-eabi/6.3.1/../../../arm-none-eabi/lib/thumb/v6-m/libg_nano.a(lib_a-memset.o)
                                        0x5c0 (size before relaxing)
 .debug_str     0x0000000000054510       0x44 /usr/lib/gcc/arm-none-eabi/6.3.1/../../../arm-none-eabi/lib/thumb/v6-m/libg_nano.a(lib_a-strlen-stub.o)
                                        0x5d1 (size before relaxing)
 .debug_str     0x0000000000054554       0x67 /usr/lib/gcc/arm-none-eabi/6.3.1/../../../arm-none-eabi/lib/thumb/v6-m/libg_nano.a(lib_a-strtol.o)
                                        0x60a (size before relaxing)

.debug_frame    0x0000000000000000     0x139c
 .debug_frame   0x0000000000000000       0xac lcd.o
 .debug_frame   0x00000000000000ac      0x108 main.o
 .debug_frame   0x00000000000001b4       0x38 startup.o
 .debug_frame   0x00000000000001ec       0x54 CMSIS/system_MKL46Z4.o
 .debug_frame   0x0000000000000240      0x4a8 drivers/fsl_clock.o
 .debug_frame   0x00000000000006e8      0x314 drivers/fsl_uart.o
 .debug_frame   0x00000000000009fc       0x98 drivers/fsl_ftfx_cache.o
 .debug_frame   0x0000000000000a94       0xe8 drivers/fsl_smc.o
 .debug_frame   0x0000000000000b7c      0x2d4 drivers/fsl_lpsci.o
 .debug_frame   0x0000000000000e50       0x9c utilities/fsl_str.o
 .debug_frame   0x0000000000000eec       0x2c utilities/fsl_assert.o
 .debug_frame   0x0000000000000f18       0x74 utilities/fsl_io.o
 .debug_frame   0x0000000000000f8c      0x120 utilities/fsl_debug_console.o
 .debug_frame   0x00000000000010ac       0xdc utilities/fsl_log.o
 .debug_frame   0x0000000000001188       0x20 BOARD/pin_mux.o
 .debug_frame   0x00000000000011a8       0x28 BOARD/board.o
 .debug_frame   0x00000000000011d0       0x50 BOARD/clock_config.o
 .debug_frame   0x0000000000001220       0x20 /usr/lib/gcc/arm-none-eabi/6.3.1/thumb/v6-m/libgcc.a(_udivsi3.o)
 .debug_frame   0x0000000000001240       0x20 /usr/lib/gcc/arm-none-eabi/6.3.1/thumb/v6-m/libgcc.a(_divsi3.o)
 .debug_frame   0x0000000000001260       0x40 /usr/lib/gcc/arm-none-eabi/6.3.1/../../../arm-none-eabi/lib/thumb/v6-m/libg_nano.a(lib_a-atoi.o)
 .debug_frame   0x00000000000012a0       0x30 /usr/lib/gcc/arm-none-eabi/6.3.1/../../../arm-none-eabi/lib/thumb/v6-m/libg_nano.a(lib_a-memcpy-stub.o)
 .debug_frame   0x00000000000012d0       0x30 /usr/lib/gcc/arm-none-eabi/6.3.1/../../../arm-none-eabi/lib/thumb/v6-m/libg_nano.a(lib_a-memset.o)
 .debug_frame   0x0000000000001300       0x20 /usr/lib/gcc/arm-none-eabi/6.3.1/../../../arm-none-eabi/lib/thumb/v6-m/libg_nano.a(lib_a-strcmp.o)
 .debug_frame   0x0000000000001320       0x28 /usr/lib/gcc/arm-none-eabi/6.3.1/../../../arm-none-eabi/lib/thumb/v6-m/libg_nano.a(lib_a-strlen-stub.o)
 .debug_frame   0x0000000000001348       0x54 /usr/lib/gcc/arm-none-eabi/6.3.1/../../../arm-none-eabi/lib/thumb/v6-m/libg_nano.a(lib_a-strtol.o)

.debug_ranges   0x0000000000000000       0x20
 .debug_ranges  0x0000000000000000       0x20 main.o
